---
source: tests/lexer.rs
expression: "mesh::lexer::lex(\"let n = 1_000 // 合計\\r\\nlet msg = \\\"答え\\\\n\\\"\\nn\")"
---
Ok(
    [
        Token {
            kind: KwLet,
            text: "let",
            span: Span {
                start: 0,
                end: 3,
            },
        },
        Token {
            kind: Ident,
            text: "n",
            span: Span {
                start: 4,
                end: 5,
            },
        },
        Token {
            kind: Eq,
            text: "=",
            span: Span {
                start: 6,
                end: 7,
            },
        },
        Token {
            kind: Int,
            text: "1_000",
            span: Span {
                start: 8,
                end: 13,
            },
        },
        Token {
            kind: Newline,
            text: "\r\n",
            span: Span {
                start: 23,
                end: 25,
            },
        },
        Token {
            kind: KwLet,
            text: "let",
            span: Span {
                start: 25,
                end: 28,
            },
        },
        Token {
            kind: Ident,
            text: "msg",
            span: Span {
                start: 29,
                end: 32,
            },
        },
        Token {
            kind: Eq,
            text: "=",
            span: Span {
                start: 33,
                end: 34,
            },
        },
        Token {
            kind: Str,
            text: "\"答え\\n\"",
            span: Span {
                start: 35,
                end: 45,
            },
        },
        Token {
            kind: Newline,
            text: "\n",
            span: Span {
                start: 45,
                end: 46,
            },
        },
        Token {
            kind: Ident,
            text: "n",
            span: Span {
                start: 46,
                end: 47,
            },
        },
    ],
)
