---
source: tests/lexer.rs
expression: "mesh::lexer::lex(\"let answer = 1_000\\r\\nanswer\\n\")"
---
Ok(
    [
        Token {
            kind: KwLet,
            text: "let",
            span: Span {
                start: 0,
                end: 3,
            },
        },
        Token {
            kind: Ident,
            text: "answer",
            span: Span {
                start: 4,
                end: 10,
            },
        },
        Token {
            kind: Eq,
            text: "=",
            span: Span {
                start: 11,
                end: 12,
            },
        },
        Token {
            kind: Int,
            text: "1_000",
            span: Span {
                start: 13,
                end: 18,
            },
        },
        Token {
            kind: Newline,
            text: "\r\n",
            span: Span {
                start: 18,
                end: 20,
            },
        },
        Token {
            kind: Ident,
            text: "answer",
            span: Span {
                start: 20,
                end: 26,
            },
        },
        Token {
            kind: Newline,
            text: "\n",
            span: Span {
                start: 26,
                end: 27,
            },
        },
    ],
)
